长篇：《太虚遗录》 102610 CJK / taixu-relics-part1@0.1.3
/Users/James/open-story-engine/.venv-api/lib/python3.12/site-packages/fastapi/testclient.py:1: StarletteDeprecationWarning: Using `httpx` with `starlette.testclient` is deprecated; install `httpx2` instead.
  from starlette.testclient import TestClient as TestClient  # noqa
历史用例不执行：test_play_api.py（31 项；保留源码，不能计入当前通过数）
历史用例不执行：test_player_routes.py（16 项；保留源码，不能计入当前通过数）
.......Prepared turn failed: LlmError
.Prepared turn failed: LlmError
.Prepared turn failed: LlmError
.Prepared turn failed: LlmError
...................................................................................................................................Prepared turn failed: LlmError
Prepared turn failed: LlmError
Prepared turn failed: LlmError
....................Prepared turn failed: ReadError
..Prepared turn failed: ReadError
..Prepared turn failed: ReadError
.......................................F.......Illustration failed: ValueError (HTTP None)
..Illustration failed: TimeoutError (HTTP None)
.....Illustration failed: Error (HTTP None)
Illustration failed: TimeoutError (HTTP None)
...............................Prepared turn failed: ReadError
............Prepared turn failed: LlmError
....Prepared turn failed: LlmError
...........Prepared turn failed: LlmError
.Prepared turn failed: LlmError
Prepared turn failed: LlmError
Prepared turn failed: LlmError
.Prepared turn failed: LlmError
.Prepared turn failed: LlmError
..Prepared turn failed: LlmError
.Prepared turn failed: LlmError
.Prepared turn failed: LlmError
.Prepared turn failed: LlmError
.Prepared turn failed: LlmError
Prepared turn failed: LlmError
Prepared turn failed: LlmError
.Prepared turn failed: LlmError
....................................................................Prepared turn failed: ReadError
.........................Prepared turn failed: ReadError
.Prepared turn failed: ReadError
.Prepared turn failed: LlmError
....Prepared turn failed: LlmError
..........................................................................................................................................................................Illustration failed: RuntimeError (HTTP None)
..........Prepared turn failed: ReadError
.....Prepared turn failed: LlmError
.Prepared turn failed: ReadError
..........Prepared turn failed: ReadError
...
======================================================================
FAIL: test_healthy_ready_recovery_and_public_priority_keep_usage_separate (tests_api.test_longform_image_recovery.LongformImageRecovery_taixu-relics-part1.test_healthy_ready_recovery_and_public_priority_keep_usage_separate)
----------------------------------------------------------------------
Traceback (most recent call last):
  File "/Users/James/open-story-engine/tests_api/test_longform_image_recovery.py", line 126, in test_healthy_ready_recovery_and_public_priority_keep_usage_separate
    self.assertFalse(json.loads(path.read_text())['displayed'])
AssertionError: True is not false

----------------------------------------------------------------------
Ran 585 tests in 83.804s

FAILED (failures=1)
