长篇：《太虚遗录》 102610 CJK / taixu-relics-part1@0.1.3
/Users/James/open-story-engine/.venv-api/lib/python3.12/site-packages/fastapi/testclient.py:1: StarletteDeprecationWarning: Using `httpx` with `starlette.testclient` is deprecated; install `httpx2` instead.
  from starlette.testclient import TestClient as TestClient  # noqa
历史用例不执行：test_play_api.py（31 项；保留源码，不能计入当前通过数）
历史用例不执行：test_player_routes.py（16 项；保留源码，不能计入当前通过数）
.......Prepared turn failed: LlmError
.Prepared turn failed: LlmError
.Prepared turn failed: LlmError
.Prepared turn failed: LlmError
........................................................................................................................................Prepared turn failed: LlmError
Prepared turn failed: LlmError
Prepared turn failed: LlmError
....................Prepared turn failed: ReadError
..Prepared turn failed: ReadError
..Prepared turn failed: ReadError
...............................................Illustration failed: ValueError (HTTP None)
..Illustration failed: TimeoutError (HTTP None)
.....Illustration failed: Error (HTTP None)
Illustration failed: TimeoutError (HTTP None)
...............................Prepared turn failed: ReadError
............Prepared turn failed: LlmError
....Prepared turn failed: LlmError
...........Prepared turn failed: LlmError
.Prepared turn failed: LlmError
Prepared turn failed: LlmError
Prepared turn failed: LlmError
.Prepared turn failed: LlmError
.Prepared turn failed: LlmError
..Prepared turn failed: LlmError
.Prepared turn failed: LlmError
.Prepared turn failed: LlmError
.Prepared turn failed: LlmError
.Prepared turn failed: LlmError
Prepared turn failed: LlmError
Prepared turn failed: LlmError
.Prepared turn failed: LlmError
....................................................................Prepared turn failed: ReadError
.........................Prepared turn failed: ReadError
.Prepared turn failed: ReadError
.Prepared turn failed: LlmError
....Prepared turn failed: LlmError
..........................................................................................................................................................................Illustration failed: RuntimeError (HTTP None)
..........Prepared turn failed: ReadError
.....Prepared turn failed: LlmError
.Prepared turn failed: ReadError
..........Prepared turn failed: ReadError
...
----------------------------------------------------------------------
Ran 590 tests in 84.014s

OK
