
> open-story-engine-web@0.1.0 test
> node --experimental-strip-types --test tests/*.test.mjs

✔ preparing directions poll quickly and ready menus return to the normal interval (6.983875ms)
✔ restored page ignores late old response and releases only the old lease (3.147958ms)
✔ late old error cannot replace restored directions or create another poll chain (1.162708ms)
✔ cleanup removes listeners and pending completion cannot publish or resume (0.684667ms)
✔ repeated pageshow starts once and non-persisted pageshow never resumes (0.561666ms)
✔ a timer already queued before pagehide cannot renew the released lease (0.922791ms)
✔ foreground submission pauses renewal and suppresses an in-flight menu response (1.661958ms)
✔ wrong-parent response stays hidden and a subsequent valid response recovers (1.437666ms)
✔ failed release does not prevent restoration and multiple old completions stay isolated (1.965584ms)
✔ lost review response and reload preserve identity; explicit new review gets a new id (0.968167ms)
✔ branches isolate requests and editing evidence allocates a different identity (0.127125ms)
✔ corrupt storage is ignored and persistence failure prevents a sendable attempt (0.277709ms)
✔ double clicks serialize; disposing suppresses late result and parent refresh (0.172459ms)
✔ failure releases action lock and does not automatically retry (0.152166ms)
✔ physical asset fingerprint wins over aliases for once-only history (0.551334ms)
✔ history remains empty when storage is unavailable (1.681958ms)
✔ image polling stops at terminal state and loading alone never requests drawing (4.170666ms)
✔ draw during pending lookup is serialized and repeated clicks spend once (1.455291ms)
✔ image page restoration isolates late responses and never repeats a draw request (4.560791ms)
✔ cancel suppresses late image and stops requests without affecting another lease (1.691209ms)
✔ image errors retry within a fixed limit and old errors cannot schedule work (1.735084ms)
✔ hung image request releases at the page deadline and late success stays hidden (0.769708ms)
✔ opening art is ready before prose, including a cached image (2.125792ms)
✔ missing, failed and timed-out art remain absent even when the image arrives late (5.543083ms)
✔ leaving the opening cancels image preparation before any generation starts (0.482083ms)
✔ saved longform prose grows over separate frames without losing or replacing text (11.067667ms)
✔ leaving during replay cancels timers and cannot publish another frame (0.160208ms)
✔ 1000 CJK triggers a fixed middle paragraph boundary for every official longform (1.048ms)
✔ visible paragraph reports once after paint, not on intersection alone (3.732ms)
✔ hidden page waits until visible and rechecks visibility before reporting (1.937667ms)
✔ branch switch or a paragraph leaving the viewport cancels pending receipt (4.2185ms)
✔ receipt errors retry once without affecting reading, cleanup cancels retry (2.123667ms)
✔ long reading sections preserve every character in order, including unbroken prose (6.613209ms)
✔ streaming growth keeps completed reading sections stable (2.04625ms)
✔ identity opening actions submit their own prose (0.420125ms)
✔ opening keeps one clock across session assignment and waits for its own menu (6.1185ms)
✔ stream reset preserves first visible text; full prose and delayed menu have distinct clocks (0.550792ms)
✔ cache hit without deltas records first text and complete prose together (0.258958ms)
✔ failed draft and restored page never count as complete; retry is a separate attempt (0.1735ms)
✔ interruption stays incomplete; ending without choices keeps menu unavailable (0.096333ms)
✔ diagnostics retain only 50 attempts and update in place without storing prose (2.215542ms)
✔ relationship label accounts for the name below each portrait (0.867833ms)
✔ relationship label keeps the name offset for diagonal connections (0.096625ms)
✔ graph keeps player central and never renders edges to hidden people (3.194083ms)
✔ graph spreads dense casts across balanced rings (0.779666ms)
✔ route health messages preserve each diagnostic signal (2.5015ms)
✔ missing source progress stays unknown in the message (0.12525ms)
✔ action feedback addresses the selected player without changing other speakers (0.630084ms)
✔ official defaults override summary heuristics and reject invalid bindings (0.152583ms)
✔ other novels select the earliest declared entry led by the chosen character (8.481166ms)
✔ long novel prologue preserves its scene and fallback summary stays bounded (5.40875ms)
✔ menus preserve actual choices without padding or truncating them (0.694042ms)
✔ short-page cadence follows the chosen ancestry and excludes sibling branches (0.463542ms)
✔ inline slot appears after its complete paragraph and stays there through replay completion (67.71575ms)
✔ only the complete confirmed branch is displayed, ignoring deltas and resets (16.722292ms)
✔ a closed stream without done is a failure, not a saved chapter (0.598083ms)
✔ server error is surfaced without treating preview as saved (0.51975ms)
✔ opening also publishes exactly one complete confirmed body (0.542708ms)
✔ missing confirmed body and rejected turns never publish preview text (1.637416ms)
✔ lost turn receipt automatically recovers with the same request and displays once (0.761041ms)
✔ opening network failure recovers once using its original idempotency key (0.441625ms)
✔ read failure recovers but persistent disconnect stops after two requests (0.360375ms)
✔ a request without a key never retries a network failure (0.123208ms)
✔ generation rejection and malformed confirmation are not retried (0.502917ms)
✔ cancelling the request prevents recovery and publishing (0.218041ms)
ℹ tests 65
ℹ suites 0
ℹ pass 65
ℹ fail 0
ℹ cancelled 0
ℹ skipped 0
ℹ todo 0
ℹ duration_ms 411.59275
