长篇：《太虚遗录》 102610 CJK / taixu-relics-part1@0.1.3
历史用例不执行：test_python_runtime.py（104 项；保留源码，不能计入当前通过数）
历史用例不执行：test_story_draft_regressions.py（84 项；保留源码，不能计入当前通过数）
...................................{"caseId": "prefix:mention", "status": "reference_match"}
{"caseId": "prefix:operator", "status": "reference_match"}
{"caseId": "in_core:mention", "status": "reference_match"}
{"caseId": "in_core:operator", "status": "reference_match"}
{"caseId": "unquoted:mention", "status": "reference_match"}
{"caseId": "unquoted:operator", "status": "reference_match"}
{"caseId": "denial:mention", "status": "reference_match"}
{"caseId": "denial:operator", "status": "reference_match"}
{"caseId": "neighbour:mention", "status": "reference_match"}
{"caseId": "neighbour:operator", "status": "reference_match"}
{"caseId": "two_people:first_operator", "status": "reference_match"}
{"caseId": "two_people:second_operator", "status": "reference_match"}
{"caseId": "gate:original_condition", "status": "reference_match"}
{"caseId": "gate:plain_emphasis", "status": "reference_match"}
{"caseId": "gate:possibility", "status": "reference_match"}
{"caseId": "gate:both", "status": "reference_match"}
{"caseId": "gate:condition_paraphrase", "status": "reference_match"}
{"caseId": "gate:possibility_paraphrase", "status": "reference_match"}
{"caseId": "gate:both_paraphrase", "status": "reference_match"}
{"caseId": "gate:unrelated_possibility", "status": "reference_match"}
{"caseId": "gate:unrelated_condition", "status": "reference_match"}
{"caseId": "hall:source_position", "status": "reference_match"}
{"caseId": "hall:negative_position", "status": "reference_match"}
{"caseId": "hall:inferred_position", "status": "reference_match"}
{"caseId": "hall:explicit_uncertainty", "status": "reference_match"}
{"caseId": "hall:word_mention", "status": "reference_match"}
{"caseId": "hall:condition_and_inference", "status": "reference_match"}
{"caseId": "hall:two_people", "status": "reference_match"}
{"caseId": "hall:unrelated_uncertainty", "status": "reference_match"}
{"caseId": "hall:denied_certainty", "status": "reference_match"}
{"caseId": "control:location_mention", "status": "reference_match"}
{"caseId": "control:object_position", "status": "reference_match"}
{"caseId": "control:quoted_words", "status": "reference_match"}
{"caseId": "control:mixed_people", "status": "reference_match"}
{"caseId": "scope:pronoun", "status": "out_of_scope"}
{"caseId": "scope:cross_sentence", "status": "out_of_scope"}
{"caseId": "control:adjunct_mention", "status": "reference_match"}
{"caseId": "control:negative_position", "status": "reference_match"}
{"caseId": "frame:name_words", "status": "reference_match"}
{"caseId": "frame:portrait", "status": "reference_match"}
{"caseId": "frame:mixed_ownership", "status": "reference_match"}
{"caseId": "frame:position_and_quote", "status": "reference_match"}
{"caseId": "frame:self_report", "status": "reference_match"}
{"caseId": "frame:other_report", "status": "reference_match"}
{"caseId": "design:dual_origin", "status": "reference_match"}
{"caseId": "design:repeated_quote", "status": "reference_match"}
{"caseId": "design:nested_pending", "status": "reference_match"}
{"caseId": "design:unknown_speaker_pending", "status": "reference_match"}
.......{"caseId": "prefix:mention", "status": "model_error"}
...{"caseId": "prefix:mention", "status": "reference_match"}
{"caseId": "prefix:operator", "status": "reference_match"}
{"caseId": "in_core:mention", "status": "reference_match"}
{"caseId": "in_core:operator", "status": "reference_match"}
{"caseId": "unquoted:mention", "status": "reference_match"}
{"caseId": "unquoted:operator", "status": "reference_match"}
{"caseId": "denial:mention", "status": "reference_match"}
{"caseId": "denial:operator", "status": "reference_match"}
{"caseId": "neighbour:mention", "status": "reference_match"}
{"caseId": "neighbour:operator", "status": "reference_match"}
{"caseId": "two_people:first_operator", "status": "reference_match"}
{"caseId": "two_people:second_operator", "status": "reference_match"}
{"caseId": "gate:original_condition", "status": "reference_match"}
{"caseId": "gate:plain_emphasis", "status": "reference_match"}
{"caseId": "gate:possibility", "status": "reference_match"}
{"caseId": "gate:both", "status": "reference_match"}
{"caseId": "gate:condition_paraphrase", "status": "reference_match"}
{"caseId": "gate:possibility_paraphrase", "status": "reference_match"}
{"caseId": "gate:both_paraphrase", "status": "reference_match"}
{"caseId": "gate:unrelated_possibility", "status": "reference_match"}
{"caseId": "gate:unrelated_condition", "status": "reference_match"}
{"caseId": "hall:source_position", "status": "reference_match"}
{"caseId": "hall:negative_position", "status": "reference_match"}
{"caseId": "hall:inferred_position", "status": "reference_match"}
{"caseId": "hall:explicit_uncertainty", "status": "reference_match"}
{"caseId": "hall:word_mention", "status": "reference_match"}
{"caseId": "hall:condition_and_inference", "status": "reference_match"}
{"caseId": "hall:two_people", "status": "reference_match"}
{"caseId": "hall:unrelated_uncertainty", "status": "reference_match"}
{"caseId": "hall:denied_certainty", "status": "reference_match"}
{"caseId": "control:location_mention", "status": "reference_match"}
{"caseId": "control:object_position", "status": "reference_match"}
{"caseId": "control:quoted_words", "status": "reference_match"}
{"caseId": "control:mixed_people", "status": "reference_match"}
{"caseId": "scope:pronoun", "status": "out_of_scope"}
{"caseId": "scope:cross_sentence", "status": "out_of_scope"}
{"caseId": "control:adjunct_mention", "status": "reference_match"}
{"caseId": "control:negative_position", "status": "reference_match"}
{"caseId": "frame:name_words", "status": "reference_match"}
{"caseId": "frame:portrait", "status": "reference_match"}
{"caseId": "frame:mixed_ownership", "status": "reference_match"}
{"caseId": "frame:position_and_quote", "status": "reference_match"}
{"caseId": "frame:self_report", "status": "reference_match"}
{"caseId": "frame:other_report", "status": "reference_match"}
{"caseId": "design:dual_origin", "status": "reference_match"}
{"caseId": "design:repeated_quote", "status": "reference_match"}
{"caseId": "design:nested_pending", "status": "reference_match"}
{"caseId": "design:unknown_speaker_pending", "status": "reference_match"}
........{"caseId": "prefix:mention", "status": "model_error"}
.{"caseId": "two_people:second_operator", "status": "reference_match"}
{"caseId": "denial:operator", "status": "reference_match"}
{"caseId": "control:object_position", "status": "reference_match"}
{"caseId": "control:quoted_words", "status": "reference_match"}
{"caseId": "control:mixed_people", "status": "reference_match"}
{"caseId": "frame:position_and_quote", "status": "reference_match"}
{"caseId": "frame:other_report", "status": "reference_match"}
{"caseId": "hall:source_position", "status": "reference_match"}
{"caseId": "frame:self_report", "status": "reference_match"}
{"caseId": "design:dual_origin", "status": "reference_match"}
{"caseId": "design:nested_pending", "status": "reference_match"}
{"caseId": "design:unknown_speaker_pending", "status": "reference_match"}
{"caseId": "two_people:second_operator", "status": "model_error"}
..{"caseId": "two_people:second_operator", "status": "reference_match"}
{"caseId": "denial:operator", "status": "reference_match"}
{"caseId": "control:object_position", "status": "reference_match"}
{"caseId": "control:quoted_words", "status": "reference_match"}
{"caseId": "control:mixed_people", "status": "reference_match"}
{"caseId": "frame:position_and_quote", "status": "reference_match"}
{"caseId": "frame:other_report", "status": "reference_match"}
{"caseId": "hall:source_position", "status": "reference_match"}
{"caseId": "frame:self_report", "status": "reference_match"}
{"caseId": "design:dual_origin", "status": "reference_match"}
{"caseId": "design:nested_pending", "status": "reference_match"}
{"caseId": "design:unknown_speaker_pending", "status": "reference_match"}
{"caseId": "two_people:second_operator", "status": "model_error"}
..{"caseId": "prefix:mention", "status": "reference_match"}
{"caseId": "prefix:operator", "status": "reference_match"}
{"caseId": "in_core:mention", "status": "reference_match"}
{"caseId": "in_core:operator", "status": "reference_match"}
{"caseId": "unquoted:mention", "status": "reference_match"}
{"caseId": "unquoted:operator", "status": "reference_match"}
{"caseId": "denial:mention", "status": "reference_match"}
{"caseId": "neighbour:mention", "status": "reference_match"}
{"caseId": "neighbour:operator", "status": "reference_match"}
{"caseId": "two_people:first_operator", "status": "reference_match"}
{"caseId": "gate:original_condition", "status": "reference_match"}
{"caseId": "gate:plain_emphasis", "status": "reference_match"}
{"caseId": "gate:possibility", "status": "reference_match"}
{"caseId": "gate:both", "status": "reference_match"}
{"caseId": "gate:condition_paraphrase", "status": "reference_match"}
{"caseId": "gate:possibility_paraphrase", "status": "reference_match"}
{"caseId": "gate:both_paraphrase", "status": "reference_match"}
{"caseId": "gate:unrelated_possibility", "status": "reference_match"}
{"caseId": "gate:unrelated_condition", "status": "reference_match"}
{"caseId": "hall:negative_position", "status": "reference_match"}
{"caseId": "hall:inferred_position", "status": "reference_match"}
{"caseId": "hall:explicit_uncertainty", "status": "reference_match"}
{"caseId": "hall:word_mention", "status": "reference_match"}
{"caseId": "hall:condition_and_inference", "status": "reference_match"}
{"caseId": "hall:two_people", "status": "reference_match"}
{"caseId": "hall:unrelated_uncertainty", "status": "reference_match"}
{"caseId": "hall:denied_certainty", "status": "reference_match"}
{"caseId": "control:location_mention", "status": "reference_match"}
{"caseId": "scope:pronoun", "status": "out_of_scope"}
{"caseId": "scope:cross_sentence", "status": "out_of_scope"}
{"caseId": "control:adjunct_mention", "status": "reference_match"}
{"caseId": "control:negative_position", "status": "reference_match"}
{"caseId": "frame:name_words", "status": "reference_match"}
{"caseId": "frame:portrait", "status": "reference_match"}
{"caseId": "frame:mixed_ownership", "status": "reference_match"}
{"caseId": "design:repeated_quote", "status": "reference_match"}
{"caseId": "prefix:mention", "status": "model_error"}
.............................................................................{"caseId": "position_out", "status": "mapped"}
{"caseId": "position_in", "status": "mapped"}
{"caseId": "position_not_out", "status": "mapped"}
{"caseId": "position_not_in", "status": "mapped"}
{"caseId": "original_C10", "status": "mapped"}
{"caseId": "past", "status": "abstained"}
{"caseId": "condition", "status": "abstained"}
{"caseId": "possible", "status": "abstained"}
{"caseId": "unknown_subject", "status": "abstained"}
{"caseId": "unknown_boundary", "status": "abstained"}
...{"caseId": "position_out", "status": "model_error"}
...........{"caseId": "derived_symptom", "status": "invalid_extraction"}
...{"caseId": "derived_symptom", "status": "invalid_extraction"}
{"caseId": "derived_symptom", "status": "invalid_review"}
...{"caseId": "recorded_v11", "status": "unexpected_rejection"}
...{"caseId": "recorded_v11", "status": "model_error"}
.......................{"caseId": "original_v11", "status": "matched"}
{"caseId": "no_position", "status": "matched"}
{"caseId": "two_subjects", "status": "matched"}
{"caseId": "negative_motion", "status": "matched"}
{"caseId": "conditional", "status": "matched"}
{"caseId": "ambiguous_person", "status": "matched"}
{"caseId": "repeated_mentions", "status": "matched"}
{"caseId": "past_current", "status": "matched"}
{"caseId": "unknown_boundary", "status": "matched"}
...{"caseId": "original_v11", "status": "model_error"}
.......{"caseId": "derived_symptom", "status": "extraction_error"}
{"caseId": "derived_symptom", "status": "extraction_error"}
......{"caseId": "derived_symptom", "status": "matched"}
.{"caseId": "derived_symptom", "status": "model_error"}
{"caseId": "derived_symptom", "status": "model_error"}
{"caseId": "derived_symptom", "status": "model_error"}
..............................................................{"caseId": "ordinary_action", "status": "matched"}
...{"caseId": "recorded_v11", "status": "model_error"}
.Traceback (most recent call last):
  File "/Library/Developer/CommandLineTools/Library/Frameworks/Python3.framework/Versions/3.9/lib/python3.9/runpy.py", line 197, in _run_module_as_main
    return _run_code(code, main_globals, None,
  File "/Library/Developer/CommandLineTools/Library/Frameworks/Python3.framework/Versions/3.9/lib/python3.9/runpy.py", line 87, in _run_code
    exec(code, run_globals)
  File "/Users/James/open-story-engine/test_support/run.py", line 40, in <module>
    main()
  File "/Users/James/open-story-engine/test_support/run.py", line 35, in main
    result = unittest.TextTestRunner(verbosity=1).run(suite)
  File "/Library/Developer/CommandLineTools/Library/Frameworks/Python3.framework/Versions/3.9/lib/python3.9/unittest/runner.py", line 176, in run
    test(result)
  File "/Library/Developer/CommandLineTools/Library/Frameworks/Python3.framework/Versions/3.9/lib/python3.9/unittest/suite.py", line 84, in __call__
    return self.run(*args, **kwds)
  File "/Library/Developer/CommandLineTools/Library/Frameworks/Python3.framework/Versions/3.9/lib/python3.9/unittest/suite.py", line 122, in run
    test(result)
  File "/Library/Developer/CommandLineTools/Library/Frameworks/Python3.framework/Versions/3.9/lib/python3.9/unittest/suite.py", line 84, in __call__
    return self.run(*args, **kwds)
  File "/Library/Developer/CommandLineTools/Library/Frameworks/Python3.framework/Versions/3.9/lib/python3.9/unittest/suite.py", line 114, in run
    self._handleClassSetUp(test, result)
  File "/Library/Developer/CommandLineTools/Library/Frameworks/Python3.framework/Versions/3.9/lib/python3.9/unittest/suite.py", line 163, in _handleClassSetUp
    setUpClass()
  File "/Users/James/open-story-engine/tests_py/test_context_qualifier_attribution_eval.py", line 16, in setUpClass
    cls.fixture = v.load_cases()
  File "/Users/James/open-story-engine/test_support/context_qualifier_attribution_eval.py", line 39, in load_cases
    return previous.load_cases()
  File "/Users/James/open-story-engine/test_support/context_qualifier_frame_eval.py", line 24, in load_cases
    fixture = replay.load_cases()
  File "/Users/James/open-story-engine/test_support/context_qualifier_frame_replay.py", line 22, in load_cases
    fixture = previous.load_cases()
  File "/Users/James/open-story-engine/test_support/context_qualifier_coverage_eval.py", line 40, in load_cases
    if projection.build() != json.loads(projection.OUTPUT.read_text()):
  File "/Users/James/open-story-engine/test_support/context_qualifier_coverage_projection.py", line 21, in build
    replay.audit()
  File "/Users/James/open-story-engine/test_support/context_qualifier_coverage_replay.py", line 55, in audit
    if build() != report:
  File "/Users/James/open-story-engine/test_support/context_qualifier_coverage_replay.py", line 15, in build
    if previous.audit() != json.loads(previous.AUDIT.read_text()):
  File "/Users/James/open-story-engine/test_support/context_qualifier_core_contract_eval.py", line 111, in audit
    fixture = load_cases()
  File "/Users/James/open-story-engine/test_support/context_qualifier_core_contract_eval.py", line 22, in load_cases
    if previous.audit() != json.loads(previous.AUDIT.read_text()):
  File "/Users/James/open-story-engine/test_support/context_qualifier_semantic_scope_eval.py", line 116, in audit
    fixture = load_cases()
  File "/Users/James/open-story-engine/test_support/context_qualifier_semantic_scope_eval.py", line 25, in load_cases
    regression = previous.previous.load_cases()
  File "/Users/James/open-story-engine/test_support/context_qualifier_selection_strict_eval.py", line 35, in load_cases
    fixture = previous.load_cases(path)
  File "/Users/James/open-story-engine/test_support/context_qualifier_scope_eval.py", line 26, in load_cases
    for key, fixture in [('gate',q.load_cases()),('hall',h.load_cases())]:
  File "/Users/James/open-story-engine/test_support/context_qualifier_eval.py", line 28, in load_cases
    original = next(c for c in f.load_cases()['cases'] if c['id'] == 'conditional')
  File "/Users/James/open-story-engine/test_support/context_fullscan.py", line 75, in load_cases
    seed = load_seed()
  File "/Users/James/open-story-engine/test_support/context_candidate_mapping.py", line 23, in load_cases
    data, _, _, originals, _ = load_contract()
  File "/Users/James/open-story-engine/test_support/context_scene_relations.py", line 129, in load_contract
    fixture, snapshot, evidence = load_inputs()
  File "/Users/James/open-story-engine/test_support/context_relation_audit.py", line 55, in load_inputs
    prose, payload = load_fixture()
  File "/Users/James/open-story-engine/test_support/context_semantic_eval.py", line 35, in load_fixture
    for c in longform_cases()):
  File "/Users/James/open-story-engine/test_support/longform.py", line 25, in longform_cases
    package = json.loads(path.read_text())
  File "/Library/Developer/CommandLineTools/Library/Frameworks/Python3.framework/Versions/3.9/lib/python3.9/json/__init__.py", line 346, in loads
    return _default_decoder.decode(s)
  File "/Library/Developer/CommandLineTools/Library/Frameworks/Python3.framework/Versions/3.9/lib/python3.9/json/decoder.py", line 337, in decode
    obj, end = self.raw_decode(s, idx=_w(s, 0).end())
  File "/Library/Developer/CommandLineTools/Library/Frameworks/Python3.framework/Versions/3.9/lib/python3.9/json/decoder.py", line 353, in raw_decode
    obj, end = self.scan_once(s, idx)
KeyboardInterrupt
