
> open-story-engine-web@0.1.0 test
> node --experimental-strip-types --test tests/*.test.mjs

✔ preparing directions poll quickly and ready menus return to the normal interval (6.297167ms)
✔ restored page ignores late old response and releases only the old lease (3.85475ms)
✔ late old error cannot replace restored directions or create another poll chain (2.139542ms)
✔ cleanup removes listeners and pending completion cannot publish or resume (2.414542ms)
✔ repeated pageshow starts once and non-persisted pageshow never resumes (0.620709ms)
✔ a timer already queued before pagehide cannot renew the released lease (1.827541ms)
✔ foreground submission pauses renewal and suppresses an in-flight menu response (1.781208ms)
✔ wrong-parent response stays hidden and a subsequent valid response recovers (3.13725ms)
✔ failed release does not prevent restoration and multiple old completions stay isolated (0.937166ms)
✔ lost review response and reload preserve identity; explicit new review gets a new id (1.904583ms)
✔ branches isolate requests and editing evidence allocates a different identity (0.131ms)
✔ corrupt storage is ignored and persistence failure prevents a sendable attempt (0.341208ms)
✔ double clicks serialize; disposing suppresses late result and parent refresh (0.304ms)
✔ failure releases action lock and does not automatically retry (0.182ms)
✔ physical asset fingerprint wins over aliases for once-only history (0.566917ms)
✔ history remains empty when storage is unavailable (1.102292ms)
✔ image polling stops at terminal state and loading alone never requests drawing (4.341791ms)
✔ draw during pending lookup is serialized and repeated clicks spend once (2.127ms)
✔ image page restoration isolates late responses and never repeats a draw request (2.142791ms)
✔ cancel suppresses late image and stops requests without affecting another lease (0.8515ms)
✔ image errors retry within a fixed limit and old errors cannot schedule work (1.112083ms)
✔ hung image request releases at the page deadline and late success stays hidden (1.239125ms)
✔ opening art is ready before prose, including a cached image (1.435583ms)
✔ missing, failed and timed-out art remain absent even when the image arrives late (5.918792ms)
✔ leaving the opening cancels image preparation before any generation starts (0.212ms)
✔ saved longform prose grows over separate frames without losing or replacing text (13.5525ms)
✔ leaving during replay cancels timers and cannot publish another frame (0.201041ms)
✔ 1000 CJK triggers a fixed middle paragraph boundary for every official longform (1.04475ms)
✔ visible paragraph reports once after paint, not on intersection alone (3.296834ms)
✔ hidden page waits until visible and rechecks visibility before reporting (0.912167ms)
✔ branch switch or a paragraph leaving the viewport cancels pending receipt (1.549ms)
✔ receipt errors retry once without affecting reading, cleanup cancels retry (2.260167ms)
✔ long reading sections preserve every character in order, including unbroken prose (3.07925ms)
✔ streaming growth keeps completed reading sections stable (3.150916ms)
✔ identity opening actions submit their own prose (0.409583ms)
✔ opening keeps one clock across session assignment and waits for its own menu (1.774875ms)
✔ stream reset preserves first visible text; full prose and delayed menu have distinct clocks (0.408166ms)
✔ cache hit without deltas records first text and complete prose together (0.690042ms)
✔ failed draft and restored page never count as complete; retry is a separate attempt (0.305667ms)
✔ interruption stays incomplete; ending without choices keeps menu unavailable (0.11025ms)
✔ diagnostics retain only 50 attempts and update in place without storing prose (5.300292ms)
✔ relationship label accounts for the name below each portrait (0.854042ms)
✔ relationship label keeps the name offset for diagonal connections (0.096667ms)
✔ graph keeps player central and never renders edges to hidden people (1.169083ms)
✔ graph spreads dense casts across balanced rings (0.33125ms)
✔ route health messages preserve each diagnostic signal (0.876958ms)
✔ missing source progress stays unknown in the message (0.1125ms)
✔ action feedback addresses the selected player without changing other speakers (0.995584ms)
✔ official defaults override summary heuristics and reject invalid bindings (0.370834ms)
✔ other novels select the earliest declared entry led by the chosen character (19.183833ms)
✔ long novel prologue preserves its scene and fallback summary stays bounded (5.333584ms)
✔ menus preserve actual choices without padding or truncating them (0.846208ms)
✔ short-page cadence follows the chosen ancestry and excludes sibling branches (0.501084ms)
✔ inline slot appears after its complete paragraph and stays there through replay completion (74.046042ms)
✔ only the complete confirmed branch is displayed, ignoring deltas and resets (18.328625ms)
✔ a closed stream without done is a failure, not a saved chapter (0.648375ms)
✔ server error is surfaced without treating preview as saved (0.605083ms)
✔ opening also publishes exactly one complete confirmed body (0.616459ms)
✔ missing confirmed body and rejected turns never publish preview text (1.757333ms)
✔ lost turn receipt automatically recovers with the same request and displays once (0.706709ms)
✔ opening network failure recovers once using its original idempotency key (0.4515ms)
✔ read failure recovers but persistent disconnect stops after two requests (0.337833ms)
✔ a request without a key never retries a network failure (0.119ms)
✔ generation rejection and malformed confirmation are not retried (0.524709ms)
✔ cancelling the request prevents recovery and publishing (0.183375ms)
ℹ tests 65
ℹ suites 0
ℹ pass 65
ℹ fail 0
ℹ cancelled 0
ℹ skipped 0
ℹ todo 0
ℹ duration_ms 452.707791
