长篇：《太虚遗录》 102610 CJK / taixu-relics-part1@0.1.3
历史用例不执行：test_python_runtime.py（104 项；保留源码，不能计入当前通过数）
历史用例不执行：test_story_draft_regressions.py（84 项；保留源码，不能计入当前通过数）
...................................{"caseId": "prefix:mention", "status": "reference_match"}
{"caseId": "prefix:operator", "status": "reference_match"}
{"caseId": "in_core:mention", "status": "reference_match"}
{"caseId": "in_core:operator", "status": "reference_match"}
{"caseId": "unquoted:mention", "status": "reference_match"}
{"caseId": "unquoted:operator", "status": "reference_match"}
{"caseId": "denial:mention", "status": "reference_match"}
{"caseId": "denial:operator", "status": "reference_match"}
{"caseId": "neighbour:mention", "status": "reference_match"}
{"caseId": "neighbour:operator", "status": "reference_match"}
{"caseId": "two_people:first_operator", "status": "reference_match"}
{"caseId": "two_people:second_operator", "status": "reference_match"}
{"caseId": "gate:original_condition", "status": "reference_match"}
{"caseId": "gate:plain_emphasis", "status": "reference_match"}
{"caseId": "gate:possibility", "status": "reference_match"}
{"caseId": "gate:both", "status": "reference_match"}
{"caseId": "gate:condition_paraphrase", "status": "reference_match"}
{"caseId": "gate:possibility_paraphrase", "status": "reference_match"}
{"caseId": "gate:both_paraphrase", "status": "reference_match"}
{"caseId": "gate:unrelated_possibility", "status": "reference_match"}
{"caseId": "gate:unrelated_condition", "status": "reference_match"}
{"caseId": "hall:source_position", "status": "reference_match"}
{"caseId": "hall:negative_position", "status": "reference_match"}
{"caseId": "hall:inferred_position", "status": "reference_match"}
{"caseId": "hall:explicit_uncertainty", "status": "reference_match"}
{"caseId": "hall:word_mention", "status": "reference_match"}
{"caseId": "hall:condition_and_inference", "status": "reference_match"}
{"caseId": "hall:two_people", "status": "reference_match"}
{"caseId": "hall:unrelated_uncertainty", "status": "reference_match"}
{"caseId": "hall:denied_certainty", "status": "reference_match"}
{"caseId": "control:location_mention", "status": "reference_match"}
{"caseId": "control:object_position", "status": "reference_match"}
{"caseId": "control:quoted_words", "status": "reference_match"}
{"caseId": "control:mixed_people", "status": "reference_match"}
{"caseId": "scope:pronoun", "status": "out_of_scope"}
{"caseId": "scope:cross_sentence", "status": "out_of_scope"}
{"caseId": "control:adjunct_mention", "status": "reference_match"}
{"caseId": "control:negative_position", "status": "reference_match"}
{"caseId": "frame:name_words", "status": "reference_match"}
{"caseId": "frame:portrait", "status": "reference_match"}
{"caseId": "frame:mixed_ownership", "status": "reference_match"}
{"caseId": "frame:position_and_quote", "status": "reference_match"}
{"caseId": "frame:self_report", "status": "reference_match"}
{"caseId": "frame:other_report", "status": "reference_match"}
{"caseId": "design:dual_origin", "status": "reference_match"}
{"caseId": "design:repeated_quote", "status": "reference_match"}
{"caseId": "design:nested_pending", "status": "reference_match"}
{"caseId": "design:unknown_speaker_pending", "status": "reference_match"}
.......{"caseId": "prefix:mention", "status": "model_error"}
...{"caseId": "prefix:mention", "status": "reference_match"}
{"caseId": "prefix:operator", "status": "reference_match"}
{"caseId": "in_core:mention", "status": "reference_match"}
{"caseId": "in_core:operator", "status": "reference_match"}
{"caseId": "unquoted:mention", "status": "reference_match"}
{"caseId": "unquoted:operator", "status": "reference_match"}
{"caseId": "denial:mention", "status": "reference_match"}
{"caseId": "denial:operator", "status": "reference_match"}
{"caseId": "neighbour:mention", "status": "reference_match"}
{"caseId": "neighbour:operator", "status": "reference_match"}
{"caseId": "two_people:first_operator", "status": "reference_match"}
{"caseId": "two_people:second_operator", "status": "reference_match"}
{"caseId": "gate:original_condition", "status": "reference_match"}
{"caseId": "gate:plain_emphasis", "status": "reference_match"}
{"caseId": "gate:possibility", "status": "reference_match"}
{"caseId": "gate:both", "status": "reference_match"}
{"caseId": "gate:condition_paraphrase", "status": "reference_match"}
{"caseId": "gate:possibility_paraphrase", "status": "reference_match"}
{"caseId": "gate:both_paraphrase", "status": "reference_match"}
{"caseId": "gate:unrelated_possibility", "status": "reference_match"}
{"caseId": "gate:unrelated_condition", "status": "reference_match"}
{"caseId": "hall:source_position", "status": "reference_match"}
{"caseId": "hall:negative_position", "status": "reference_match"}
{"caseId": "hall:inferred_position", "status": "reference_match"}
{"caseId": "hall:explicit_uncertainty", "status": "reference_match"}
{"caseId": "hall:word_mention", "status": "reference_match"}
{"caseId": "hall:condition_and_inference", "status": "reference_match"}
{"caseId": "hall:two_people", "status": "reference_match"}
{"caseId": "hall:unrelated_uncertainty", "status": "reference_match"}
{"caseId": "hall:denied_certainty", "status": "reference_match"}
{"caseId": "control:location_mention", "status": "reference_match"}
{"caseId": "control:object_position", "status": "reference_match"}
{"caseId": "control:quoted_words", "status": "reference_match"}
{"caseId": "control:mixed_people", "status": "reference_match"}
{"caseId": "scope:pronoun", "status": "out_of_scope"}
{"caseId": "scope:cross_sentence", "status": "out_of_scope"}
{"caseId": "control:adjunct_mention", "status": "reference_match"}
{"caseId": "control:negative_position", "status": "reference_match"}
{"caseId": "frame:name_words", "status": "reference_match"}
{"caseId": "frame:portrait", "status": "reference_match"}
{"caseId": "frame:mixed_ownership", "status": "reference_match"}
{"caseId": "frame:position_and_quote", "status": "reference_match"}
{"caseId": "frame:self_report", "status": "reference_match"}
{"caseId": "frame:other_report", "status": "reference_match"}
{"caseId": "design:dual_origin", "status": "reference_match"}
{"caseId": "design:repeated_quote", "status": "reference_match"}
{"caseId": "design:nested_pending", "status": "reference_match"}
{"caseId": "design:unknown_speaker_pending", "status": "reference_match"}
........{"caseId": "prefix:mention", "status": "model_error"}
.{"caseId": "two_people:second_operator", "status": "reference_match"}
{"caseId": "denial:operator", "status": "reference_match"}
{"caseId": "control:object_position", "status": "reference_match"}
{"caseId": "control:quoted_words", "status": "reference_match"}
{"caseId": "control:mixed_people", "status": "reference_match"}
{"caseId": "frame:position_and_quote", "status": "reference_match"}
{"caseId": "frame:other_report", "status": "reference_match"}
{"caseId": "hall:source_position", "status": "reference_match"}
{"caseId": "frame:self_report", "status": "reference_match"}
{"caseId": "design:dual_origin", "status": "reference_match"}
{"caseId": "design:nested_pending", "status": "reference_match"}
{"caseId": "design:unknown_speaker_pending", "status": "reference_match"}
{"caseId": "two_people:second_operator", "status": "model_error"}
..{"caseId": "two_people:second_operator", "status": "reference_match"}
{"caseId": "denial:operator", "status": "reference_match"}
{"caseId": "control:object_position", "status": "reference_match"}
{"caseId": "control:quoted_words", "status": "reference_match"}
{"caseId": "control:mixed_people", "status": "reference_match"}
{"caseId": "frame:position_and_quote", "status": "reference_match"}
{"caseId": "frame:other_report", "status": "reference_match"}
{"caseId": "hall:source_position", "status": "reference_match"}
{"caseId": "frame:self_report", "status": "reference_match"}
{"caseId": "design:dual_origin", "status": "reference_match"}
{"caseId": "design:nested_pending", "status": "reference_match"}
{"caseId": "design:unknown_speaker_pending", "status": "reference_match"}
{"caseId": "two_people:second_operator", "status": "model_error"}
..{"caseId": "prefix:mention", "status": "reference_match"}
{"caseId": "prefix:operator", "status": "reference_match"}
{"caseId": "in_core:mention", "status": "reference_match"}
{"caseId": "in_core:operator", "status": "reference_match"}
{"caseId": "unquoted:mention", "status": "reference_match"}
{"caseId": "unquoted:operator", "status": "reference_match"}
{"caseId": "denial:mention", "status": "reference_match"}
{"caseId": "neighbour:mention", "status": "reference_match"}
{"caseId": "neighbour:operator", "status": "reference_match"}
{"caseId": "two_people:first_operator", "status": "reference_match"}
{"caseId": "gate:original_condition", "status": "reference_match"}
{"caseId": "gate:plain_emphasis", "status": "reference_match"}
{"caseId": "gate:possibility", "status": "reference_match"}
{"caseId": "gate:both", "status": "reference_match"}
{"caseId": "gate:condition_paraphrase", "status": "reference_match"}
{"caseId": "gate:possibility_paraphrase", "status": "reference_match"}
{"caseId": "gate:both_paraphrase", "status": "reference_match"}
{"caseId": "gate:unrelated_possibility", "status": "reference_match"}
{"caseId": "gate:unrelated_condition", "status": "reference_match"}
{"caseId": "hall:negative_position", "status": "reference_match"}
{"caseId": "hall:inferred_position", "status": "reference_match"}
{"caseId": "hall:explicit_uncertainty", "status": "reference_match"}
{"caseId": "hall:word_mention", "status": "reference_match"}
{"caseId": "hall:condition_and_inference", "status": "reference_match"}
{"caseId": "hall:two_people", "status": "reference_match"}
{"caseId": "hall:unrelated_uncertainty", "status": "reference_match"}
{"caseId": "hall:denied_certainty", "status": "reference_match"}
{"caseId": "control:location_mention", "status": "reference_match"}
{"caseId": "scope:pronoun", "status": "out_of_scope"}
{"caseId": "scope:cross_sentence", "status": "out_of_scope"}
{"caseId": "control:adjunct_mention", "status": "reference_match"}
{"caseId": "control:negative_position", "status": "reference_match"}
{"caseId": "frame:name_words", "status": "reference_match"}
{"caseId": "frame:portrait", "status": "reference_match"}
{"caseId": "frame:mixed_ownership", "status": "reference_match"}
{"caseId": "design:repeated_quote", "status": "reference_match"}
{"caseId": "prefix:mention", "status": "model_error"}
.............................................................................{"caseId": "position_out", "status": "mapped"}
{"caseId": "position_in", "status": "mapped"}
{"caseId": "position_not_out", "status": "mapped"}
{"caseId": "position_not_in", "status": "mapped"}
{"caseId": "original_C10", "status": "mapped"}
{"caseId": "past", "status": "abstained"}
{"caseId": "condition", "status": "abstained"}
{"caseId": "possible", "status": "abstained"}
{"caseId": "unknown_subject", "status": "abstained"}
{"caseId": "unknown_boundary", "status": "abstained"}
...{"caseId": "position_out", "status": "model_error"}
...........{"caseId": "derived_symptom", "status": "invalid_extraction"}
...{"caseId": "derived_symptom", "status": "invalid_extraction"}
{"caseId": "derived_symptom", "status": "invalid_review"}
...{"caseId": "recorded_v11", "status": "unexpected_rejection"}
...{"caseId": "recorded_v11", "status": "model_error"}
.......................{"caseId": "original_v11", "status": "matched"}
{"caseId": "no_position", "status": "matched"}
{"caseId": "two_subjects", "status": "matched"}
{"caseId": "negative_motion", "status": "matched"}
{"caseId": "conditional", "status": "matched"}
{"caseId": "ambiguous_person", "status": "matched"}
{"caseId": "repeated_mentions", "status": "matched"}
{"caseId": "past_current", "status": "matched"}
{"caseId": "unknown_boundary", "status": "matched"}
...{"caseId": "original_v11", "status": "model_error"}
.......{"caseId": "derived_symptom", "status": "extraction_error"}
{"caseId": "derived_symptom", "status": "extraction_error"}
......{"caseId": "derived_symptom", "status": "matched"}
.{"caseId": "derived_symptom", "status": "model_error"}
{"caseId": "derived_symptom", "status": "model_error"}
{"caseId": "derived_symptom", "status": "model_error"}
..............................................................{"caseId": "ordinary_action", "status": "matched"}
...{"caseId": "recorded_v11", "status": "model_error"}
.{"caseId": "prefix:mention", "status": "matched"}
{"caseId": "prefix:operator", "status": "matched"}
{"caseId": "in_core:mention", "status": "matched"}
{"caseId": "in_core:operator", "status": "matched"}
{"caseId": "unquoted:mention", "status": "matched"}
{"caseId": "unquoted:operator", "status": "matched"}
{"caseId": "denial:mention", "status": "matched"}
{"caseId": "denial:operator", "status": "matched"}
{"caseId": "neighbour:mention", "status": "matched"}
{"caseId": "neighbour:operator", "status": "matched"}
{"caseId": "two_people:first_operator", "status": "matched"}
{"caseId": "two_people:second_operator", "status": "matched"}
{"caseId": "gate:original_condition", "status": "matched"}
{"caseId": "gate:plain_emphasis", "status": "matched"}
{"caseId": "gate:possibility", "status": "matched"}
{"caseId": "gate:both", "status": "matched"}
{"caseId": "gate:condition_paraphrase", "status": "matched"}
{"caseId": "gate:possibility_paraphrase", "status": "matched"}
{"caseId": "gate:both_paraphrase", "status": "matched"}
{"caseId": "gate:unrelated_possibility", "status": "matched"}
{"caseId": "gate:unrelated_condition", "status": "matched"}
{"caseId": "hall:source_position", "status": "matched"}
{"caseId": "hall:negative_position", "status": "matched"}
{"caseId": "hall:inferred_position", "status": "matched"}
{"caseId": "hall:explicit_uncertainty", "status": "matched"}
{"caseId": "hall:word_mention", "status": "matched"}
{"caseId": "hall:condition_and_inference", "status": "matched"}
{"caseId": "hall:two_people", "status": "matched"}
{"caseId": "hall:unrelated_uncertainty", "status": "matched"}
{"caseId": "hall:denied_certainty", "status": "matched"}
{"caseId": "control:location_mention", "status": "matched"}
{"caseId": "control:object_position", "status": "matched"}
{"caseId": "control:quoted_words", "status": "matched"}
{"caseId": "control:mixed_people", "status": "matched"}
{"caseId": "scope:pronoun", "status": "scope_pending"}
{"caseId": "scope:cross_sentence", "status": "scope_pending"}
{"caseId": "control:adjunct_mention", "status": "matched"}
{"caseId": "control:negative_position", "status": "matched"}
{"caseId": "frame:name_words", "status": "matched"}
{"caseId": "frame:portrait", "status": "matched"}
{"caseId": "frame:mixed_ownership", "status": "matched"}
{"caseId": "frame:position_and_quote", "status": "matched"}
{"caseId": "frame:self_report", "status": "scope_pending"}
{"caseId": "frame:other_report", "status": "scope_pending"}
.{"caseId": "prefix:mention", "status": "invalid_response"}
{"caseId": "prefix:operator", "status": "matched"}
{"caseId": "in_core:mention", "status": "matched"}
{"caseId": "in_core:operator", "status": "matched"}
{"caseId": "unquoted:mention", "status": "matched"}
{"caseId": "unquoted:operator", "status": "matched"}
{"caseId": "denial:mention", "status": "matched"}
{"caseId": "denial:operator", "status": "matched"}
{"caseId": "neighbour:mention", "status": "matched"}
{"caseId": "neighbour:operator", "status": "matched"}
{"caseId": "two_people:first_operator", "status": "matched"}
{"caseId": "two_people:second_operator", "status": "matched"}
{"caseId": "gate:original_condition", "status": "matched"}
{"caseId": "gate:plain_emphasis", "status": "matched"}
{"caseId": "gate:possibility", "status": "matched"}
{"caseId": "gate:both", "status": "matched"}
{"caseId": "gate:condition_paraphrase", "status": "matched"}
{"caseId": "gate:possibility_paraphrase", "status": "matched"}
{"caseId": "gate:both_paraphrase", "status": "matched"}
{"caseId": "gate:unrelated_possibility", "status": "matched"}
{"caseId": "gate:unrelated_condition", "status": "matched"}
{"caseId": "hall:source_position", "status": "matched"}
{"caseId": "hall:negative_position", "status": "matched"}
{"caseId": "hall:inferred_position", "status": "matched"}
{"caseId": "hall:explicit_uncertainty", "status": "matched"}
{"caseId": "hall:word_mention", "status": "matched"}
{"caseId": "hall:condition_and_inference", "status": "matched"}
{"caseId": "hall:two_people", "status": "matched"}
{"caseId": "hall:unrelated_uncertainty", "status": "matched"}
{"caseId": "hall:denied_certainty", "status": "matched"}
{"caseId": "control:location_mention", "status": "matched"}
{"caseId": "control:object_position", "status": "matched"}
{"caseId": "control:quoted_words", "status": "matched"}
{"caseId": "control:mixed_people", "status": "matched"}
{"caseId": "scope:pronoun", "status": "scope_pending"}
{"caseId": "scope:cross_sentence", "status": "scope_pending"}
{"caseId": "control:adjunct_mention", "status": "matched"}
{"caseId": "control:negative_position", "status": "matched"}
{"caseId": "frame:name_words", "status": "matched"}
{"caseId": "frame:portrait", "status": "matched"}
{"caseId": "frame:mixed_ownership", "status": "matched"}
{"caseId": "frame:position_and_quote", "status": "matched"}
{"caseId": "frame:self_report", "status": "scope_pending"}
{"caseId": "frame:other_report", "status": "scope_pending"}
....{"caseId": "prefix:mention", "status": "matched"}
{"caseId": "prefix:operator", "status": "matched"}
{"caseId": "in_core:mention", "status": "matched"}
{"caseId": "in_core:operator", "status": "matched"}
{"caseId": "unquoted:mention", "status": "matched"}
{"caseId": "unquoted:operator", "status": "matched"}
{"caseId": "denial:mention", "status": "matched"}
{"caseId": "denial:operator", "status": "matched"}
{"caseId": "neighbour:mention", "status": "matched"}
{"caseId": "neighbour:operator", "status": "matched"}
{"caseId": "two_people:first_operator", "status": "matched"}
{"caseId": "two_people:second_operator", "status": "matched"}
{"caseId": "gate:original_condition", "status": "matched"}
{"caseId": "gate:plain_emphasis", "status": "matched"}
{"caseId": "gate:possibility", "status": "matched"}
{"caseId": "gate:both", "status": "matched"}
{"caseId": "gate:condition_paraphrase", "status": "matched"}
{"caseId": "gate:possibility_paraphrase", "status": "matched"}
{"caseId": "gate:both_paraphrase", "status": "matched"}
{"caseId": "gate:unrelated_possibility", "status": "matched"}
{"caseId": "gate:unrelated_condition", "status": "matched"}
{"caseId": "hall:source_position", "status": "matched"}
{"caseId": "hall:negative_position", "status": "matched"}
{"caseId": "hall:inferred_position", "status": "matched"}
{"caseId": "hall:explicit_uncertainty", "status": "matched"}
{"caseId": "hall:word_mention", "status": "matched"}
{"caseId": "hall:condition_and_inference", "status": "matched"}
{"caseId": "hall:two_people", "status": "matched"}
{"caseId": "hall:unrelated_uncertainty", "status": "matched"}
{"caseId": "hall:denied_certainty", "status": "matched"}
{"caseId": "control:location_mention", "status": "matched"}
{"caseId": "control:object_position", "status": "matched"}
{"caseId": "control:quoted_words", "status": "matched"}
{"caseId": "control:mixed_people", "status": "matched"}
{"caseId": "scope:pronoun", "status": "scope_pending"}
{"caseId": "scope:cross_sentence", "status": "scope_pending"}
{"caseId": "control:adjunct_mention", "status": "matched"}
{"caseId": "control:negative_position", "status": "matched"}
{"caseId": "frame:name_words", "status": "matched"}
{"caseId": "frame:portrait", "status": "matched"}
{"caseId": "frame:mixed_ownership", "status": "matched"}
{"caseId": "frame:position_and_quote", "status": "matched"}
{"caseId": "frame:self_report", "status": "scope_pending"}
{"caseId": "frame:other_report", "status": "scope_pending"}
.{"caseId": "prefix:mention", "status": "model_error"}
..{"caseId": "prefix:mention", "status": "invalid_response"}
{"caseId": "prefix:operator", "status": "matched"}
{"caseId": "in_core:mention", "status": "matched"}
{"caseId": "in_core:operator", "status": "matched"}
{"caseId": "unquoted:mention", "status": "matched"}
{"caseId": "unquoted:operator", "status": "matched"}
{"caseId": "denial:mention", "status": "matched"}
{"caseId": "denial:operator", "status": "matched"}
{"caseId": "neighbour:mention", "status": "matched"}
{"caseId": "neighbour:operator", "status": "matched"}
{"caseId": "two_people:first_operator", "status": "matched"}
{"caseId": "two_people:second_operator", "status": "matched"}
{"caseId": "gate:original_condition", "status": "matched"}
{"caseId": "gate:plain_emphasis", "status": "matched"}
{"caseId": "gate:possibility", "status": "matched"}
{"caseId": "gate:both", "status": "matched"}
{"caseId": "gate:condition_paraphrase", "status": "matched"}
{"caseId": "gate:possibility_paraphrase", "status": "matched"}
{"caseId": "gate:both_paraphrase", "status": "matched"}
{"caseId": "gate:unrelated_possibility", "status": "matched"}
{"caseId": "gate:unrelated_condition", "status": "matched"}
{"caseId": "hall:source_position", "status": "matched"}
{"caseId": "hall:negative_position", "status": "matched"}
{"caseId": "hall:inferred_position", "status": "matched"}
{"caseId": "hall:explicit_uncertainty", "status": "matched"}
{"caseId": "hall:word_mention", "status": "matched"}
{"caseId": "hall:condition_and_inference", "status": "matched"}
{"caseId": "hall:two_people", "status": "matched"}
{"caseId": "hall:unrelated_uncertainty", "status": "matched"}
{"caseId": "hall:denied_certainty", "status": "matched"}
.....{"caseId": "prefix:mention", "status": "matched"}
{"caseId": "prefix:operator", "status": "matched"}
{"caseId": "in_core:mention", "status": "matched"}
{"caseId": "in_core:operator", "status": "matched"}
{"caseId": "unquoted:mention", "status": "matched"}
{"caseId": "unquoted:operator", "status": "matched"}
{"caseId": "denial:mention", "status": "matched"}
{"caseId": "denial:operator", "status": "matched"}
{"caseId": "neighbour:mention", "status": "matched"}
{"caseId": "neighbour:operator", "status": "matched"}
{"caseId": "two_people:first_operator", "status": "matched"}
{"caseId": "two_people:second_operator", "status": "matched"}
{"caseId": "gate:original_condition", "status": "matched"}
{"caseId": "gate:plain_emphasis", "status": "matched"}
{"caseId": "gate:possibility", "status": "matched"}
{"caseId": "gate:both", "status": "matched"}
{"caseId": "gate:condition_paraphrase", "status": "matched"}
{"caseId": "gate:possibility_paraphrase", "status": "matched"}
{"caseId": "gate:both_paraphrase", "status": "matched"}
{"caseId": "gate:unrelated_possibility", "status": "matched"}
{"caseId": "gate:unrelated_condition", "status": "matched"}
{"caseId": "hall:source_position", "status": "matched"}
{"caseId": "hall:negative_position", "status": "matched"}
{"caseId": "hall:inferred_position", "status": "matched"}
{"caseId": "hall:explicit_uncertainty", "status": "matched"}
{"caseId": "hall:word_mention", "status": "matched"}
{"caseId": "hall:condition_and_inference", "status": "matched"}
{"caseId": "hall:two_people", "status": "matched"}
{"caseId": "hall:unrelated_uncertainty", "status": "matched"}
{"caseId": "hall:denied_certainty", "status": "matched"}
.{"caseId": "prefix:mention", "status": "model_error"}
..................{"caseId": "prefix:mention", "status": "matched"}
{"caseId": "prefix:operator", "status": "matched"}
{"caseId": "in_core:mention", "status": "matched"}
{"caseId": "in_core:operator", "status": "matched"}
{"caseId": "unquoted:mention", "status": "matched"}
{"caseId": "unquoted:operator", "status": "matched"}
{"caseId": "denial:mention", "status": "matched"}
{"caseId": "denial:operator", "status": "matched"}
{"caseId": "neighbour:mention", "status": "matched"}
{"caseId": "neighbour:operator", "status": "matched"}
{"caseId": "two_people:first_operator", "status": "matched"}
{"caseId": "two_people:second_operator", "status": "matched"}
{"caseId": "gate:original_condition", "status": "matched"}
{"caseId": "gate:plain_emphasis", "status": "matched"}
{"caseId": "gate:possibility", "status": "matched"}
{"caseId": "gate:both", "status": "matched"}
{"caseId": "gate:condition_paraphrase", "status": "matched"}
{"caseId": "gate:possibility_paraphrase", "status": "matched"}
{"caseId": "gate:both_paraphrase", "status": "matched"}
{"caseId": "gate:unrelated_possibility", "status": "matched"}
{"caseId": "gate:unrelated_condition", "status": "matched"}
{"caseId": "hall:source_position", "status": "matched"}
{"caseId": "hall:negative_position", "status": "matched"}
{"caseId": "hall:inferred_position", "status": "matched"}
{"caseId": "hall:explicit_uncertainty", "status": "matched"}
{"caseId": "hall:word_mention", "status": "matched"}
{"caseId": "hall:condition_and_inference", "status": "matched"}
{"caseId": "hall:two_people", "status": "matched"}
{"caseId": "hall:unrelated_uncertainty", "status": "matched"}
{"caseId": "hall:denied_certainty", "status": "matched"}
{"caseId": "control:location_mention", "status": "matched"}
{"caseId": "control:object_position", "status": "matched"}
{"caseId": "control:quoted_words", "status": "matched"}
{"caseId": "control:mixed_people", "status": "matched"}
{"caseId": "scope:pronoun", "status": "scope_pending"}
{"caseId": "scope:cross_sentence", "status": "scope_pending"}
{"caseId": "control:adjunct_mention", "status": "matched"}
{"caseId": "control:negative_position", "status": "matched"}
...{"caseId": "prefix:mention", "status": "invalid_response"}
{"caseId": "prefix:operator", "status": "matched"}
{"caseId": "in_core:mention", "status": "matched"}
{"caseId": "in_core:operator", "status": "matched"}
{"caseId": "unquoted:mention", "status": "matched"}
{"caseId": "unquoted:operator", "status": "matched"}
{"caseId": "denial:mention", "status": "matched"}
{"caseId": "denial:operator", "status": "matched"}
{"caseId": "neighbour:mention", "status": "matched"}
{"caseId": "neighbour:operator", "status": "matched"}
{"caseId": "two_people:first_operator", "status": "matched"}
{"caseId": "two_people:second_operator", "status": "matched"}
{"caseId": "gate:original_condition", "status": "matched"}
{"caseId": "gate:plain_emphasis", "status": "matched"}
{"caseId": "gate:possibility", "status": "matched"}
{"caseId": "gate:both", "status": "matched"}
{"caseId": "gate:condition_paraphrase", "status": "matched"}
{"caseId": "gate:possibility_paraphrase", "status": "matched"}
{"caseId": "gate:both_paraphrase", "status": "matched"}
{"caseId": "gate:unrelated_possibility", "status": "matched"}
{"caseId": "gate:unrelated_condition", "status": "matched"}
{"caseId": "hall:source_position", "status": "matched"}
{"caseId": "hall:negative_position", "status": "matched"}
{"caseId": "hall:inferred_position", "status": "matched"}
{"caseId": "hall:explicit_uncertainty", "status": "matched"}
{"caseId": "hall:word_mention", "status": "matched"}
{"caseId": "hall:condition_and_inference", "status": "matched"}
{"caseId": "hall:two_people", "status": "matched"}
{"caseId": "hall:unrelated_uncertainty", "status": "matched"}
{"caseId": "hall:denied_certainty", "status": "matched"}
{"caseId": "control:location_mention", "status": "matched"}
{"caseId": "control:object_position", "status": "matched"}
{"caseId": "control:quoted_words", "status": "matched"}
{"caseId": "control:mixed_people", "status": "matched"}
{"caseId": "scope:pronoun", "status": "scope_pending"}
{"caseId": "scope:cross_sentence", "status": "scope_pending"}
{"caseId": "control:adjunct_mention", "status": "matched"}
{"caseId": "control:negative_position", "status": "matched"}
....{"caseId": "prefix:mention", "status": "matched"}
{"caseId": "prefix:operator", "status": "matched"}
{"caseId": "in_core:mention", "status": "matched"}
{"caseId": "in_core:operator", "status": "matched"}
{"caseId": "unquoted:mention", "status": "matched"}
{"caseId": "unquoted:operator", "status": "matched"}
{"caseId": "denial:mention", "status": "matched"}
{"caseId": "denial:operator", "status": "matched"}
{"caseId": "neighbour:mention", "status": "matched"}
{"caseId": "neighbour:operator", "status": "matched"}
{"caseId": "two_people:first_operator", "status": "matched"}
{"caseId": "two_people:second_operator", "status": "matched"}
{"caseId": "gate:original_condition", "status": "matched"}
{"caseId": "gate:plain_emphasis", "status": "matched"}
{"caseId": "gate:possibility", "status": "matched"}
{"caseId": "gate:both", "status": "matched"}
{"caseId": "gate:condition_paraphrase", "status": "matched"}
{"caseId": "gate:possibility_paraphrase", "status": "matched"}
{"caseId": "gate:both_paraphrase", "status": "matched"}
{"caseId": "gate:unrelated_possibility", "status": "matched"}
{"caseId": "gate:unrelated_condition", "status": "matched"}
{"caseId": "hall:source_position", "status": "matched"}
{"caseId": "hall:negative_position", "status": "matched"}
{"caseId": "hall:inferred_position", "status": "matched"}
{"caseId": "hall:explicit_uncertainty", "status": "matched"}
{"caseId": "hall:word_mention", "status": "matched"}
{"caseId": "hall:condition_and_inference", "status": "matched"}
{"caseId": "hall:two_people", "status": "matched"}
{"caseId": "hall:unrelated_uncertainty", "status": "matched"}
{"caseId": "hall:denied_certainty", "status": "matched"}
{"caseId": "control:location_mention", "status": "matched"}
{"caseId": "control:object_position", "status": "matched"}
{"caseId": "control:quoted_words", "status": "matched"}
{"caseId": "control:mixed_people", "status": "matched"}
{"caseId": "scope:pronoun", "status": "scope_pending"}
{"caseId": "scope:cross_sentence", "status": "scope_pending"}
{"caseId": "control:adjunct_mention", "status": "matched"}
{"caseId": "control:negative_position", "status": "matched"}
.{"caseId": "prefix:mention", "status": "model_error"}
.........{"caseId": "gate:original_condition", "status": "matched"}
{"caseId": "gate:plain_emphasis", "status": "matched"}
{"caseId": "gate:possibility", "status": "matched"}
{"caseId": "gate:both", "status": "matched"}
{"caseId": "gate:condition_paraphrase", "status": "matched"}
{"caseId": "gate:possibility_paraphrase", "status": "matched"}
{"caseId": "gate:both_paraphrase", "status": "matched"}
{"caseId": "gate:unrelated_possibility", "status": "matched"}
{"caseId": "gate:unrelated_condition", "status": "matched"}
{"caseId": "hall:source_position", "status": "matched"}
{"caseId": "hall:negative_position", "status": "matched"}
{"caseId": "hall:inferred_position", "status": "matched"}
{"caseId": "hall:explicit_uncertainty", "status": "matched"}
{"caseId": "hall:word_mention", "status": "matched"}
{"caseId": "hall:condition_and_inference", "status": "matched"}
{"caseId": "hall:two_people", "status": "matched"}
{"caseId": "hall:unrelated_uncertainty", "status": "matched"}
{"caseId": "hall:denied_certainty", "status": "matched"}
......{"caseId": "gate:original_condition", "status": "model_error"}
.....{"caseId": "gate:original_condition", "status": "matched"}
{"caseId": "gate:plain_emphasis", "status": "matched"}
{"caseId": "gate:possibility", "status": "matched"}
{"caseId": "gate:both", "status": "matched"}
{"caseId": "gate:condition_paraphrase", "status": "matched"}
{"caseId": "gate:possibility_paraphrase", "status": "matched"}
{"caseId": "gate:both_paraphrase", "status": "matched"}
{"caseId": "gate:unrelated_possibility", "status": "matched"}
{"caseId": "gate:unrelated_condition", "status": "matched"}
{"caseId": "hall:source_position", "status": "matched"}
{"caseId": "hall:negative_position", "status": "matched"}
{"caseId": "hall:inferred_position", "status": "matched"}
{"caseId": "hall:explicit_uncertainty", "status": "matched"}
{"caseId": "hall:word_mention", "status": "matched"}
{"caseId": "hall:condition_and_inference", "status": "matched"}
{"caseId": "hall:two_people", "status": "matched"}
{"caseId": "hall:unrelated_uncertainty", "status": "matched"}
{"caseId": "hall:denied_certainty", "status": "matched"}
.......{"caseId": "original_condition", "arm": "baseline", "status": "matched"}
{"caseId": "original_condition", "arm": "clarified", "status": "matched"}
{"caseId": "plain_emphasis", "arm": "clarified", "status": "matched"}
{"caseId": "plain_emphasis", "arm": "baseline", "status": "matched"}
{"caseId": "possibility", "arm": "baseline", "status": "matched"}
{"caseId": "possibility", "arm": "clarified", "status": "matched"}
{"caseId": "both", "arm": "clarified", "status": "matched"}
{"caseId": "both", "arm": "baseline", "status": "matched"}
{"caseId": "condition_paraphrase", "arm": "baseline", "status": "matched"}
{"caseId": "condition_paraphrase", "arm": "clarified", "status": "matched"}
{"caseId": "possibility_paraphrase", "arm": "clarified", "status": "matched"}
{"caseId": "possibility_paraphrase", "arm": "baseline", "status": "matched"}
{"caseId": "both_paraphrase", "arm": "baseline", "status": "matched"}
{"caseId": "both_paraphrase", "arm": "clarified", "status": "matched"}
{"caseId": "unrelated_possibility", "arm": "clarified", "status": "matched"}
{"caseId": "unrelated_possibility", "arm": "baseline", "status": "matched"}
{"caseId": "unrelated_condition", "arm": "baseline", "status": "matched"}
{"caseId": "unrelated_condition", "arm": "clarified", "status": "matched"}
..{"caseId": "original_condition", "arm": "baseline", "status": "model_error"}
.............{"caseId": "original_condition", "status": "matched"}
{"caseId": "plain_emphasis", "status": "matched"}
{"caseId": "possibility", "status": "matched"}
{"caseId": "both", "status": "matched"}
{"caseId": "condition_paraphrase", "status": "matched"}
{"caseId": "possibility_paraphrase", "status": "matched"}
{"caseId": "both_paraphrase", "status": "matched"}
{"caseId": "unrelated_possibility", "status": "matched"}
{"caseId": "unrelated_condition", "status": "matched"}
..{"caseId": "original_condition", "status": "model_error"}
.....{"caseId": "gate:original_condition", "status": "matched"}
{"caseId": "gate:plain_emphasis", "status": "matched"}
{"caseId": "gate:possibility", "status": "matched"}
{"caseId": "gate:both", "status": "matched"}
{"caseId": "gate:condition_paraphrase", "status": "matched"}
{"caseId": "gate:possibility_paraphrase", "status": "matched"}
{"caseId": "gate:both_paraphrase", "status": "matched"}
{"caseId": "gate:unrelated_possibility", "status": "matched"}
{"caseId": "gate:unrelated_condition", "status": "matched"}
{"caseId": "hall:source_position", "status": "matched"}
{"caseId": "hall:negative_position", "status": "matched"}
{"caseId": "hall:inferred_position", "status": "matched"}
{"caseId": "hall:explicit_uncertainty", "status": "matched"}
{"caseId": "hall:word_mention", "status": "matched"}
{"caseId": "hall:condition_and_inference", "status": "matched"}
{"caseId": "hall:two_people", "status": "matched"}
{"caseId": "hall:unrelated_uncertainty", "status": "matched"}
{"caseId": "hall:denied_certainty", "status": "matched"}
.....................{"caseId": "prefix:mention", "status": "matched"}
{"caseId": "prefix:operator", "status": "matched"}
{"caseId": "in_core:mention", "status": "matched"}
{"caseId": "in_core:operator", "status": "matched"}
{"caseId": "unquoted:mention", "status": "matched"}
{"caseId": "unquoted:operator", "status": "matched"}
{"caseId": "denial:mention", "status": "matched"}
{"caseId": "denial:operator", "status": "matched"}
{"caseId": "neighbour:mention", "status": "matched"}
{"caseId": "neighbour:operator", "status": "matched"}
{"caseId": "two_people:first_operator", "status": "matched"}
{"caseId": "two_people:second_operator", "status": "matched"}
{"caseId": "gate:original_condition", "status": "matched"}
{"caseId": "gate:plain_emphasis", "status": "matched"}
{"caseId": "gate:possibility", "status": "matched"}
{"caseId": "gate:both", "status": "matched"}
{"caseId": "gate:condition_paraphrase", "status": "matched"}
{"caseId": "gate:possibility_paraphrase", "status": "matched"}
{"caseId": "gate:both_paraphrase", "status": "matched"}
{"caseId": "gate:unrelated_possibility", "status": "matched"}
{"caseId": "gate:unrelated_condition", "status": "matched"}
{"caseId": "hall:source_position", "status": "matched"}
{"caseId": "hall:negative_position", "status": "matched"}
{"caseId": "hall:inferred_position", "status": "matched"}
{"caseId": "hall:explicit_uncertainty", "status": "matched"}
{"caseId": "hall:word_mention", "status": "matched"}
{"caseId": "hall:condition_and_inference", "status": "matched"}
{"caseId": "hall:two_people", "status": "matched"}
{"caseId": "hall:unrelated_uncertainty", "status": "matched"}
{"caseId": "hall:denied_certainty", "status": "matched"}
{"caseId": "control:location_mention", "status": "matched"}
{"caseId": "control:object_position", "status": "matched"}
{"caseId": "control:quoted_words", "status": "matched"}
{"caseId": "control:mixed_people", "status": "matched"}
{"caseId": "scope:pronoun", "status": "scope_pending"}
{"caseId": "scope:cross_sentence", "status": "scope_pending"}
{"caseId": "control:adjunct_mention", "status": "matched"}
{"caseId": "control:negative_position", "status": "matched"}
{"caseId": "frame:name_words", "status": "matched"}
{"caseId": "frame:portrait", "status": "matched"}
{"caseId": "frame:mixed_ownership", "status": "matched"}
{"caseId": "frame:position_and_quote", "status": "matched"}
{"caseId": "frame:self_report", "status": "scope_pending"}
{"caseId": "frame:other_report", "status": "scope_pending"}
...{"caseId": "prefix:mention", "status": "invalid_response"}
{"caseId": "prefix:operator", "status": "matched"}
{"caseId": "in_core:mention", "status": "matched"}
{"caseId": "in_core:operator", "status": "matched"}
{"caseId": "unquoted:mention", "status": "matched"}
{"caseId": "unquoted:operator", "status": "matched"}
{"caseId": "denial:mention", "status": "matched"}
{"caseId": "denial:operator", "status": "matched"}
{"caseId": "neighbour:mention", "status": "matched"}
{"caseId": "neighbour:operator", "status": "matched"}
{"caseId": "two_people:first_operator", "status": "matched"}
{"caseId": "two_people:second_operator", "status": "matched"}
{"caseId": "gate:original_condition", "status": "matched"}
{"caseId": "gate:plain_emphasis", "status": "matched"}
{"caseId": "gate:possibility", "status": "matched"}
{"caseId": "gate:both", "status": "matched"}
{"caseId": "gate:condition_paraphrase", "status": "matched"}
{"caseId": "gate:possibility_paraphrase", "status": "matched"}
{"caseId": "gate:both_paraphrase", "status": "matched"}
{"caseId": "gate:unrelated_possibility", "status": "matched"}
{"caseId": "gate:unrelated_condition", "status": "matched"}
{"caseId": "hall:source_position", "status": "matched"}
{"caseId": "hall:negative_position", "status": "matched"}
{"caseId": "hall:inferred_position", "status": "matched"}
{"caseId": "hall:explicit_uncertainty", "status": "matched"}
{"caseId": "hall:word_mention", "status": "matched"}
{"caseId": "hall:condition_and_inference", "status": "matched"}
{"caseId": "hall:two_people", "status": "matched"}
{"caseId": "hall:unrelated_uncertainty", "status": "matched"}
{"caseId": "hall:denied_certainty", "status": "matched"}
{"caseId": "control:location_mention", "status": "matched"}
{"caseId": "control:object_position", "status": "matched"}
{"caseId": "control:quoted_words", "status": "matched"}
{"caseId": "control:mixed_people", "status": "matched"}
{"caseId": "scope:pronoun", "status": "scope_pending"}
{"caseId": "scope:cross_sentence", "status": "scope_pending"}
{"caseId": "control:adjunct_mention", "status": "matched"}
{"caseId": "control:negative_position", "status": "matched"}
{"caseId": "frame:name_words", "status": "matched"}
{"caseId": "frame:portrait", "status": "matched"}
{"caseId": "frame:mixed_ownership", "status": "matched"}
{"caseId": "frame:position_and_quote", "status": "matched"}
{"caseId": "frame:self_report", "status": "scope_pending"}
{"caseId": "frame:other_report", "status": "scope_pending"}
.{"caseId": "prefix:mention", "status": "matched"}
{"caseId": "prefix:operator", "status": "matched"}
{"caseId": "in_core:mention", "status": "matched"}
{"caseId": "in_core:operator", "status": "matched"}
{"caseId": "unquoted:mention", "status": "matched"}
{"caseId": "unquoted:operator", "status": "matched"}
{"caseId": "denial:mention", "status": "matched"}
{"caseId": "denial:operator", "status": "matched"}
{"caseId": "neighbour:mention", "status": "matched"}
{"caseId": "neighbour:operator", "status": "matched"}
{"caseId": "two_people:first_operator", "status": "matched"}
{"caseId": "two_people:second_operator", "status": "matched"}
{"caseId": "gate:original_condition", "status": "matched"}
{"caseId": "gate:plain_emphasis", "status": "matched"}
{"caseId": "gate:possibility", "status": "matched"}
{"caseId": "gate:both", "status": "matched"}
{"caseId": "gate:condition_paraphrase", "status": "matched"}
{"caseId": "gate:possibility_paraphrase", "status": "matched"}
{"caseId": "gate:both_paraphrase", "status": "matched"}
{"caseId": "gate:unrelated_possibility", "status": "matched"}
{"caseId": "gate:unrelated_condition", "status": "matched"}
{"caseId": "hall:source_position", "status": "matched"}
{"caseId": "hall:negative_position", "status": "matched"}
{"caseId": "hall:inferred_position", "status": "matched"}
{"caseId": "hall:explicit_uncertainty", "status": "matched"}
{"caseId": "hall:word_mention", "status": "matched"}
{"caseId": "hall:condition_and_inference", "status": "matched"}
{"caseId": "hall:two_people", "status": "matched"}
{"caseId": "hall:unrelated_uncertainty", "status": "matched"}
{"caseId": "hall:denied_certainty", "status": "matched"}
{"caseId": "control:location_mention", "status": "matched"}
{"caseId": "control:object_position", "status": "matched"}
{"caseId": "control:quoted_words", "status": "matched"}
{"caseId": "control:mixed_people", "status": "matched"}
{"caseId": "scope:pronoun", "status": "scope_pending"}
{"caseId": "scope:cross_sentence", "status": "scope_pending"}
{"caseId": "control:adjunct_mention", "status": "matched"}
{"caseId": "control:negative_position", "status": "matched"}
{"caseId": "frame:name_words", "status": "matched"}
{"caseId": "frame:portrait", "status": "matched"}
{"caseId": "frame:mixed_ownership", "status": "matched"}
{"caseId": "frame:position_and_quote", "status": "matched"}
{"caseId": "frame:self_report", "status": "scope_pending"}
{"caseId": "frame:other_report", "status": "scope_pending"}
.{"caseId": "prefix:mention", "status": "model_error"}
..{"caseId": "source_position", "status": "matched"}
{"caseId": "negative_position", "status": "matched"}
{"caseId": "inferred_position", "status": "matched"}
{"caseId": "explicit_uncertainty", "status": "matched"}
{"caseId": "word_mention", "status": "matched"}
{"caseId": "condition_and_inference", "status": "matched"}
{"caseId": "two_people", "status": "matched"}
{"caseId": "unrelated_uncertainty", "status": "matched"}
{"caseId": "denied_certainty", "status": "matched"}
....{"caseId": "source_position", "status": "model_error"}
..{"caseId": "prefix:mention", "status": "model_error"}
.......{"caseId": "prefix:mention", "status": "matched"}
{"caseId": "prefix:operator", "status": "matched"}
{"caseId": "in_core:mention", "status": "matched"}
{"caseId": "in_core:operator", "status": "matched"}
{"caseId": "unquoted:mention", "status": "matched"}
{"caseId": "unquoted:operator", "status": "matched"}
{"caseId": "denial:mention", "status": "matched"}
{"caseId": "denial:operator", "status": "matched"}
{"caseId": "neighbour:mention", "status": "matched"}
{"caseId": "neighbour:operator", "status": "matched"}
{"caseId": "two_people:first_operator", "status": "matched"}
{"caseId": "two_people:second_operator", "status": "matched"}
.{"caseId": "gate:original_condition", "status": "matched"}
{"caseId": "gate:plain_emphasis", "status": "matched"}
{"caseId": "gate:possibility", "status": "matched"}
{"caseId": "gate:both", "status": "matched"}
{"caseId": "gate:condition_paraphrase", "status": "matched"}
{"caseId": "gate:possibility_paraphrase", "status": "matched"}
{"caseId": "gate:both_paraphrase", "status": "matched"}
{"caseId": "gate:unrelated_possibility", "status": "matched"}
{"caseId": "gate:unrelated_condition", "status": "matched"}
{"caseId": "hall:source_position", "status": "matched"}
{"caseId": "hall:negative_position", "status": "matched"}
{"caseId": "hall:inferred_position", "status": "matched"}
{"caseId": "hall:explicit_uncertainty", "status": "matched"}
{"caseId": "hall:word_mention", "status": "matched"}
{"caseId": "hall:condition_and_inference", "status": "matched"}
{"caseId": "hall:two_people", "status": "matched"}
{"caseId": "hall:unrelated_uncertainty", "status": "matched"}
{"caseId": "hall:denied_certainty", "status": "matched"}
...{"caseId": "gate:original_condition", "status": "model_error"}
.{"caseId": "gate:original_condition", "status": "matched"}
{"caseId": "gate:plain_emphasis", "status": "matched"}
{"caseId": "gate:possibility", "status": "matched"}
{"caseId": "gate:both", "status": "matched"}
{"caseId": "gate:condition_paraphrase", "status": "matched"}
{"caseId": "gate:possibility_paraphrase", "status": "matched"}
{"caseId": "gate:both_paraphrase", "status": "matched"}
{"caseId": "gate:unrelated_possibility", "status": "matched"}
{"caseId": "gate:unrelated_condition", "status": "matched"}
{"caseId": "hall:source_position", "status": "matched"}
{"caseId": "hall:negative_position", "status": "matched"}
{"caseId": "hall:inferred_position", "status": "matched"}
{"caseId": "hall:explicit_uncertainty", "status": "matched"}
{"caseId": "hall:word_mention", "status": "matched"}
{"caseId": "hall:condition_and_inference", "status": "matched"}
{"caseId": "hall:two_people", "status": "matched"}
{"caseId": "hall:unrelated_uncertainty", "status": "matched"}
{"caseId": "hall:denied_certainty", "status": "matched"}
...{"caseId": "gate:original_condition", "status": "model_error"}
.{"caseId": "gate:original_condition", "status": "matched"}
{"caseId": "gate:plain_emphasis", "status": "matched"}
{"caseId": "gate:possibility", "status": "matched"}
{"caseId": "gate:both", "status": "matched"}
{"caseId": "gate:condition_paraphrase", "status": "matched"}
{"caseId": "gate:possibility_paraphrase", "status": "matched"}
{"caseId": "gate:both_paraphrase", "status": "matched"}
{"caseId": "gate:unrelated_possibility", "status": "matched"}
{"caseId": "gate:unrelated_condition", "status": "matched"}
{"caseId": "hall:source_position", "status": "matched"}
{"caseId": "hall:negative_position", "status": "matched"}
{"caseId": "hall:inferred_position", "status": "matched"}
{"caseId": "hall:explicit_uncertainty", "status": "matched"}
{"caseId": "hall:word_mention", "status": "matched"}
{"caseId": "hall:condition_and_inference", "status": "matched"}
{"caseId": "hall:two_people", "status": "matched"}
{"caseId": "hall:unrelated_uncertainty", "status": "matched"}
{"caseId": "hall:denied_certainty", "status": "matched"}
...{"caseId": "gate:original_condition", "status": "model_error"}
........................{"caseId": "gate:original_condition", "status": "matched"}
{"caseId": "gate:plain_emphasis", "status": "matched"}
{"caseId": "gate:possibility", "status": "matched"}
{"caseId": "gate:both", "status": "matched"}
{"caseId": "gate:condition_paraphrase", "status": "matched"}
{"caseId": "gate:possibility_paraphrase", "status": "matched"}
{"caseId": "gate:both_paraphrase", "status": "matched"}
{"caseId": "gate:unrelated_possibility", "status": "matched"}
{"caseId": "gate:unrelated_condition", "status": "matched"}
{"caseId": "hall:source_position", "status": "matched"}
{"caseId": "hall:negative_position", "status": "matched"}
{"caseId": "hall:inferred_position", "status": "matched"}
{"caseId": "hall:explicit_uncertainty", "status": "matched"}
{"caseId": "hall:word_mention", "status": "matched"}
{"caseId": "hall:condition_and_inference", "status": "matched"}
{"caseId": "hall:two_people", "status": "matched"}
{"caseId": "hall:unrelated_uncertainty", "status": "matched"}
{"caseId": "hall:denied_certainty", "status": "matched"}
...{"caseId": "gate:original_condition", "status": "model_error"}
.{"caseId": "gate:original_condition", "status": "matched"}
{"caseId": "gate:plain_emphasis", "status": "matched"}
{"caseId": "gate:possibility", "status": "matched"}
{"caseId": "gate:both", "status": "matched"}
{"caseId": "gate:condition_paraphrase", "status": "matched"}
{"caseId": "gate:possibility_paraphrase", "status": "matched"}
{"caseId": "gate:both_paraphrase", "status": "matched"}
{"caseId": "gate:unrelated_possibility", "status": "matched"}
{"caseId": "gate:unrelated_condition", "status": "matched"}
{"caseId": "hall:source_position", "status": "matched"}
{"caseId": "hall:negative_position", "status": "matched"}
{"caseId": "hall:inferred_position", "status": "matched"}
{"caseId": "hall:explicit_uncertainty", "status": "matched"}
{"caseId": "hall:word_mention", "status": "matched"}
{"caseId": "hall:condition_and_inference", "status": "matched"}
{"caseId": "hall:two_people", "status": "matched"}
{"caseId": "hall:unrelated_uncertainty", "status": "matched"}
{"caseId": "hall:denied_certainty", "status": "matched"}
....{"caseId": "gate:original_condition", "status": "model_error"}
........{"caseId": "gate:original_condition", "status": "matched"}
{"caseId": "gate:plain_emphasis", "status": "matched"}
{"caseId": "gate:possibility", "status": "matched"}
{"caseId": "gate:both", "status": "matched"}
{"caseId": "gate:condition_paraphrase", "status": "matched"}
{"caseId": "gate:possibility_paraphrase", "status": "matched"}
{"caseId": "gate:both_paraphrase", "status": "matched"}
{"caseId": "gate:unrelated_possibility", "status": "matched"}
{"caseId": "gate:unrelated_condition", "status": "matched"}
{"caseId": "hall:source_position", "status": "matched"}
{"caseId": "hall:negative_position", "status": "matched"}
{"caseId": "hall:inferred_position", "status": "matched"}
{"caseId": "hall:explicit_uncertainty", "status": "matched"}
{"caseId": "hall:word_mention", "status": "matched"}
{"caseId": "hall:condition_and_inference", "status": "matched"}
{"caseId": "hall:two_people", "status": "matched"}
{"caseId": "hall:unrelated_uncertainty", "status": "matched"}
{"caseId": "hall:denied_certainty", "status": "matched"}
......{"caseId": "gate:original_condition", "status": "model_error"}
.{"caseId": "gate:original_condition", "status": "matched"}
{"caseId": "gate:plain_emphasis", "status": "matched"}
{"caseId": "gate:possibility", "status": "matched"}
{"caseId": "gate:both", "status": "matched"}
{"caseId": "gate:condition_paraphrase", "status": "matched"}
{"caseId": "gate:possibility_paraphrase", "status": "matched"}
{"caseId": "gate:both_paraphrase", "status": "matched"}
{"caseId": "gate:unrelated_possibility", "status": "matched"}
{"caseId": "gate:unrelated_condition", "status": "matched"}
{"caseId": "hall:source_position", "status": "matched"}
{"caseId": "hall:negative_position", "status": "matched"}
{"caseId": "hall:inferred_position", "status": "matched"}
{"caseId": "hall:explicit_uncertainty", "status": "matched"}
{"caseId": "hall:word_mention", "status": "matched"}
{"caseId": "hall:condition_and_inference", "status": "matched"}
{"caseId": "hall:two_people", "status": "matched"}
{"caseId": "hall:unrelated_uncertainty", "status": "matched"}
{"caseId": "hall:denied_certainty", "status": "matched"}
....{"caseId": "gate:original_condition", "status": "model_error"}
.....{"caseId": "gate:original_condition", "status": "matched"}
{"caseId": "gate:plain_emphasis", "status": "matched"}
{"caseId": "gate:possibility", "status": "matched"}
{"caseId": "gate:both", "status": "matched"}
{"caseId": "gate:condition_paraphrase", "status": "matched"}
{"caseId": "gate:possibility_paraphrase", "status": "matched"}
{"caseId": "gate:both_paraphrase", "status": "matched"}
{"caseId": "gate:unrelated_possibility", "status": "matched"}
{"caseId": "gate:unrelated_condition", "status": "matched"}
{"caseId": "hall:source_position", "status": "matched"}
{"caseId": "hall:negative_position", "status": "matched"}
{"caseId": "hall:inferred_position", "status": "matched"}
{"caseId": "hall:explicit_uncertainty", "status": "matched"}
{"caseId": "hall:word_mention", "status": "matched"}
{"caseId": "hall:condition_and_inference", "status": "matched"}
{"caseId": "hall:two_people", "status": "matched"}
{"caseId": "hall:unrelated_uncertainty", "status": "matched"}
{"caseId": "hall:denied_certainty", "status": "matched"}
..........{"caseId": "gate:original_condition", "status": "model_error"}
...{"caseId": "gate:original_condition", "status": "matched"}
{"caseId": "gate:plain_emphasis", "status": "matched"}
{"caseId": "gate:possibility", "status": "matched"}
{"caseId": "gate:both", "status": "matched"}
{"caseId": "gate:condition_paraphrase", "status": "matched"}
{"caseId": "gate:possibility_paraphrase", "status": "matched"}
{"caseId": "gate:both_paraphrase", "status": "matched"}
{"caseId": "gate:unrelated_possibility", "status": "matched"}
{"caseId": "gate:unrelated_condition", "status": "matched"}
{"caseId": "hall:source_position", "status": "matched"}
{"caseId": "hall:negative_position", "status": "matched"}
{"caseId": "hall:inferred_position", "status": "matched"}
{"caseId": "hall:explicit_uncertainty", "status": "matched"}
{"caseId": "hall:word_mention", "status": "matched"}
{"caseId": "hall:condition_and_inference", "status": "matched"}
{"caseId": "hall:two_people", "status": "matched"}
{"caseId": "hall:unrelated_uncertainty", "status": "matched"}
{"caseId": "hall:denied_certainty", "status": "matched"}
................{"caseId": "gate:original_condition", "status": "model_error"}
..{"caseId": "prefix:mention", "status": "model_error"}
.{"caseId": "prefix:mention", "status": "invalid_response"}
{"caseId": "prefix:operator", "status": "matched"}
{"caseId": "in_core:mention", "status": "matched"}
{"caseId": "in_core:operator", "status": "matched"}
{"caseId": "unquoted:mention", "status": "matched"}
{"caseId": "unquoted:operator", "status": "matched"}
{"caseId": "denial:mention", "status": "matched"}
{"caseId": "denial:operator", "status": "matched"}
{"caseId": "neighbour:mention", "status": "matched"}
{"caseId": "neighbour:operator", "status": "matched"}
{"caseId": "two_people:first_operator", "status": "matched"}
{"caseId": "two_people:second_operator", "status": "matched"}
{"caseId": "gate:original_condition", "status": "matched"}
{"caseId": "gate:plain_emphasis", "status": "matched"}
{"caseId": "gate:possibility", "status": "matched"}
{"caseId": "gate:both", "status": "matched"}
{"caseId": "gate:condition_paraphrase", "status": "matched"}
{"caseId": "gate:possibility_paraphrase", "status": "matched"}
{"caseId": "gate:both_paraphrase", "status": "matched"}
{"caseId": "gate:unrelated_possibility", "status": "matched"}
{"caseId": "gate:unrelated_condition", "status": "matched"}
{"caseId": "hall:source_position", "status": "matched"}
{"caseId": "hall:negative_position", "status": "matched"}
{"caseId": "hall:inferred_position", "status": "matched"}
{"caseId": "hall:explicit_uncertainty", "status": "matched"}
{"caseId": "hall:word_mention", "status": "matched"}
{"caseId": "hall:condition_and_inference", "status": "matched"}
{"caseId": "hall:two_people", "status": "matched"}
{"caseId": "hall:unrelated_uncertainty", "status": "matched"}
{"caseId": "hall:denied_certainty", "status": "matched"}
.{"caseId": "prefix:mention", "status": "matched"}
{"caseId": "prefix:operator", "status": "matched"}
{"caseId": "in_core:mention", "status": "matched"}
{"caseId": "in_core:operator", "status": "matched"}
{"caseId": "unquoted:mention", "status": "matched"}
{"caseId": "unquoted:operator", "status": "matched"}
{"caseId": "denial:mention", "status": "matched"}
{"caseId": "denial:operator", "status": "matched"}
{"caseId": "neighbour:mention", "status": "matched"}
{"caseId": "neighbour:operator", "status": "matched"}
{"caseId": "two_people:first_operator", "status": "matched"}
{"caseId": "two_people:second_operator", "status": "matched"}
{"caseId": "gate:original_condition", "status": "matched"}
{"caseId": "gate:plain_emphasis", "status": "matched"}
{"caseId": "gate:possibility", "status": "matched"}
{"caseId": "gate:both", "status": "matched"}
{"caseId": "gate:condition_paraphrase", "status": "matched"}
{"caseId": "gate:possibility_paraphrase", "status": "matched"}
{"caseId": "gate:both_paraphrase", "status": "matched"}
{"caseId": "gate:unrelated_possibility", "status": "matched"}
{"caseId": "gate:unrelated_condition", "status": "matched"}
{"caseId": "hall:source_position", "status": "matched"}
{"caseId": "hall:negative_position", "status": "matched"}
{"caseId": "hall:inferred_position", "status": "matched"}
{"caseId": "hall:explicit_uncertainty", "status": "matched"}
{"caseId": "hall:word_mention", "status": "matched"}
{"caseId": "hall:condition_and_inference", "status": "matched"}
{"caseId": "hall:two_people", "status": "matched"}
{"caseId": "hall:unrelated_uncertainty", "status": "matched"}
{"caseId": "hall:denied_certainty", "status": "matched"}
....{"caseId": "prefix:mention", "status": "matched"}
{"caseId": "prefix:operator", "status": "matched"}
{"caseId": "in_core:mention", "status": "matched"}
{"caseId": "in_core:operator", "status": "matched"}
{"caseId": "unquoted:mention", "status": "matched"}
{"caseId": "unquoted:operator", "status": "matched"}
{"caseId": "denial:mention", "status": "matched"}
{"caseId": "denial:operator", "status": "matched"}
{"caseId": "neighbour:mention", "status": "matched"}
{"caseId": "neighbour:operator", "status": "matched"}
{"caseId": "two_people:first_operator", "status": "matched"}
{"caseId": "two_people:second_operator", "status": "matched"}
{"caseId": "gate:original_condition", "status": "matched"}
{"caseId": "gate:plain_emphasis", "status": "matched"}
{"caseId": "gate:possibility", "status": "matched"}
{"caseId": "gate:both", "status": "matched"}
{"caseId": "gate:condition_paraphrase", "status": "matched"}
{"caseId": "gate:possibility_paraphrase", "status": "matched"}
{"caseId": "gate:both_paraphrase", "status": "matched"}
{"caseId": "gate:unrelated_possibility", "status": "matched"}
{"caseId": "gate:unrelated_condition", "status": "matched"}
{"caseId": "hall:source_position", "status": "matched"}
{"caseId": "hall:negative_position", "status": "matched"}
{"caseId": "hall:inferred_position", "status": "matched"}
{"caseId": "hall:explicit_uncertainty", "status": "matched"}
{"caseId": "hall:word_mention", "status": "matched"}
{"caseId": "hall:condition_and_inference", "status": "matched"}
{"caseId": "hall:two_people", "status": "matched"}
{"caseId": "hall:unrelated_uncertainty", "status": "matched"}
{"caseId": "hall:denied_certainty", "status": "matched"}
...{"caseId": "gate:original_condition", "status": "matched"}
{"caseId": "gate:plain_emphasis", "status": "matched"}
{"caseId": "gate:possibility", "status": "matched"}
{"caseId": "gate:both", "status": "matched"}
{"caseId": "gate:condition_paraphrase", "status": "matched"}
{"caseId": "gate:possibility_paraphrase", "status": "matched"}
{"caseId": "gate:both_paraphrase", "status": "matched"}
{"caseId": "gate:unrelated_possibility", "status": "matched"}
{"caseId": "gate:unrelated_condition", "status": "matched"}
{"caseId": "hall:source_position", "status": "matched"}
{"caseId": "hall:negative_position", "status": "matched"}
{"caseId": "hall:inferred_position", "status": "matched"}
{"caseId": "hall:explicit_uncertainty", "status": "matched"}
{"caseId": "hall:word_mention", "status": "matched"}
{"caseId": "hall:condition_and_inference", "status": "matched"}
{"caseId": "hall:two_people", "status": "matched"}
{"caseId": "hall:unrelated_uncertainty", "status": "matched"}
{"caseId": "hall:denied_certainty", "status": "matched"}
.........................................................................{"caseId": "ordinary_action", "arm": "baseline", "status": "matched"}
....{"caseId": "ordinary_action", "arm": "baseline", "status": "matched"}
................................................................F................
======================================================================
FAIL: test_catalog_snapshot_and_digest_follow_prompt_content (tests_py.test_prompt_catalog.PromptCatalogTests)
----------------------------------------------------------------------
Traceback (most recent call last):
  File "/Users/James/open-story-engine/tests_py/test_prompt_catalog.py", line 58, in test_catalog_snapshot_and_digest_follow_prompt_content
    self.assertEqual(before.version, catalog_version())
AssertionError: 'prompt-catalog/1:4125a8cfb142742ccf88df78b5a6b878b336134b6[19 chars]0509' != 'prompt-catalog/1:b0c1d3fbeccbd82c06d8ccd7aad517a1266987987[19 chars]1a34'
- prompt-catalog/1:4125a8cfb142742ccf88df78b5a6b878b336134b603c9622ca755ee82ee30509
+ prompt-catalog/1:b0c1d3fbeccbd82c06d8ccd7aad517a12669879871238b8f0135cbb49aa21a34


----------------------------------------------------------------------
Ran 660 tests in 646.850s

FAILED (failures=1)

选择进入身份：
1. 陆照临：初入玄霄宗、追查父亲陆沉舟去向的年轻修行者。
2. 顾长离：玄霄宗的新弟子，观察细致，话语冷淡。第一次外门试炼将开始，你却先发现了木牌上的异样。
3. 叶观澜：归墟盟来客，与沈执事相识。你带着一盏无芯灯闯入玄霄宗，准备追问一份对不上的旧记录。
4. 沈砚秋：玄霄宗外门执事，负责入门登记与名册，站在门规与追问真相的新弟子之间。
5. 陆沉舟：陆照临的父亲，三年前为宗门押送引路灯后失踪。他的去向是陆照临踏入玄霄宗的缘由。
6. 萧问蝉：太虚秩序巡界使，奉诏追缉持有残印之人。她以天命为准绳，与追查真相的众人立场相对。
7. 叶青冥：玄霄宗掌门，肩负宗门秩序与传承。面对旧事的追问，他必须以掌门身份作出回应。
