..........................Prepared turn failed: LlmError
.Prepared turn failed: LlmError
Prepared turn failed: LlmError
Prepared turn failed: LlmError
.Prepared turn failed: LlmError
.Prepared turn failed: LlmError
..Prepared turn failed: LlmError
.Prepared turn failed: LlmError
.Prepared turn failed: LlmError
.Prepared turn failed: LlmError
.Prepared turn failed: LlmError
Prepared turn failed: LlmError
Prepared turn failed: LlmError
.Prepared turn failed: LlmError
.Prepared turn failed: LlmError
.Prepared turn failed: LlmError
.Prepared turn failed: LlmError
.Prepared turn failed: LlmError
..........................................
----------------------------------------------------------------------
Ran 82 tests in 3.073s

OK
